// Jest Snapshot v1, https://goo.gl/fbAQLP

exports[`babel-blade basic test of functionality: basic test of functionality 1`] = `

function Movie() {
  const { data } = useQuery("Movie");

  return (
    <div>
      <div>
        <h2>{data.Movie.movie.gorilla}</h2>
        <p>{data.Movie.movie.monkey}</p>
        <p>{data.Movie.chimp}</p>
      </div>
    </div>
  );
}

      ↓ ↓ ↓ ↓ ↓ ↓

function Movie() {
  const {
    data
  } = useQuery("Movie");
  return <div>
      <div>
        <h2>{data.Movie.movie.gorilla}</h2>
        <p>{data.Movie.movie.monkey}</p>
        <p>{data.Movie.chimp}</p>
      </div>
    </div>;
}

`;

exports[`babel-plugin-graphql basic test of functionality: basic test of functionality 1`] = `

import Thing from "./thing";

function Movie() {
  const { data } = useQuery("GetMovie");

  return (
    <div>
      <div>
        <p>{data.aaa.bbb.ccc.ddd}</p>
      </div>
    </div>
  );
}

// <p>{data.id}</p>
// <p>{data.director.id}</p>
// <p>{data.nodd.banana}</p>
// <h2>{data.name}</h2>
// <h2>{data.id}</h2>
// <p>{data.releaseDate.formatted}</p>

      ↓ ↓ ↓ ↓ ↓ ↓

import Thing from "./thing";

function Movie() {
  const { data } = useQuery("GetMovie");
  return (
    <div>
      <div>
        <p>{data.aaa.bbb.ccc.ddd}</p>
      </div>
    </div>
  );
} // <p>{data.id}</p>
// <p>{data.director.id}</p>
// <p>{data.nodd.banana}</p>
// <h2>{data.name}</h2>
// <h2>{data.id}</h2>
// <p>{data.releaseDate.formatted}</p>


`;
