// Jest Snapshot v1, https://goo.gl/fbAQLP

exports[`babel-blade basic test of functionality: basic test of functionality 1`] = `

function Movie() {
  const { data } = useQuery("Movie");

  return (
    <div>
      <div>
        <h2>{data.Movie.movie.gorilla}</h2>
        <p>{data.Movie.movie.monkey}</p>
        <p>{data.Movie.chimp}</p>
      </div>
    </div>
  );
}

      ↓ ↓ ↓ ↓ ↓ ↓

function Movie() {
  const {
    data
  } = useQuery("Movie");
  return <div>
      <div>
        <h2>{data.Movie.movie.gorilla}</h2>
        <p>{data.Movie.movie.monkey}</p>
        <p>{data.Movie.chimp}</p>
      </div>
    </div>;
}

`;
